// Jest Snapshot v1, https://goo.gl/fbAQLP

exports[`testing Add Category should match snapshot when edit flag is true 1`] = `
<AddCategory
  CrossIconClick={[MockFunction]}
  categoryDetail={
    Object {
      "name": "Test",
    }
  }
  errorMessage=""
  handleAddCategory={[MockFunction]}
  handleEditCategory={[MockFunction]}
  isEdit={true}
  showLoader={false}
  successMessage=""
>
  <div>
    <div
      className="add-category-container"
    >
      <div
        className="add-category-div"
      >
        <div
          className="close-button"
        >
          <img
            alt="cross"
            onClick={[MockFunction]}
            src="cross.png"
          />
        </div>
        <Textfield
          error=""
          id="category-name"
          label="Edit Category"
          onBlur={[Function]}
          onChange={[Function]}
          placeholder="Enter category name here"
          value="Test"
        >
          <div
            className="textfield-container"
          >
            <label
              htmlFor="input-field"
            >
              Edit Category
            </label>
            <input
              className="textfield"
              id="category-name_element"
              onBlur={[Function]}
              onChange={[Function]}
              placeholder="Enter category name here"
              value="Test"
            />
          </div>
        </Textfield>
      </div>
      <Button
        handleClick={[Function]}
        id="edit-category-button"
        value="Edit Category"
      >
        <button
          className="button"
          id="edit-category-button_element"
          onClick={[Function]}
        >
          Edit Category
        </button>
      </Button>
    </div>
  </div>
</AddCategory>
`;
